// Jest Snapshot v1, https://goo.gl/fbAQLP

exports[`<CreditCardSubmitButton> testing 1`] = `
<body>
  <div>
    <button
      class="checkout-button is-status-primary button is-primary css-gfdqa8-CallToAction e15u1fbk0"
    >
      Save payment method
    </button>
  </div>
</body>
`;
